您好文件系统模块
您好文件系统模块
您好文件系统模块
您好文件系统模块
